2025-07-19 23:50:20,305 - root - INFO - api_server - startup_event - 20 - Application startup...
2025-07-19 23:54:25,088 -INFO - api_server - startup_event - 20 - Application startup...
2025-07-19 23:55:57,121 -INFO - api_server - startup_event - 20 - Application startup...
2025-07-19 23:56:27,178 -INFO - api_server - startup_event - 20 - Application startup...
2025-07-19 23:56:49,449 -INFO - api_server - startup_event - 20 - Application startup...
2025-07-19 23:57:04,909 -INFO - api_server - startup_event - 20 - Application startup...
2025-07-19 23:57:37,968 -INFO - api_server - startup_event - 20 - Application startup...
2025-07-19 23:58:10,659 -INFO - api_server - startup_event - 20 - Application startup...
2025-07-20 00:01:35,093 - startup_event - 20 - INFO - api_server: Application startup...
2025-07-20 00:02:27,831 - INFO - startup_event - 20 - api_server: Application startup...
2025-07-20 00:03:27,321 - INFO - run_step - 92 - orchestrator: Executing step: character/check_character_limit by calling character.
2025-07-20 00:13:06,651 - INFO - shutdown_event - 25 - api_server: Application shutdown...
2025-07-20 00:13:13,041 - INFO - startup_event - 20 - api_server: Application startup...
2025-07-20 00:13:49,705 - INFO - shutdown_event - 25 - api_server: Application shutdown...
2025-07-20 00:13:56,293 - INFO - startup_event - 20 - api_server: Application startup...
2025-07-20 00:14:02,760 - INFO - run_step - 93 - orchestrator: Executing step: character/check_character_limit by calling character.
2025-07-20 00:14:23,783 - INFO - run_step - 93 - orchestrator: Executing step: character/check_character_limit by calling character.
2025-07-20 00:14:39,054 - INFO - shutdown_event - 25 - api_server: Application shutdown...
2025-07-20 00:14:45,319 - INFO - startup_event - 20 - api_server: Application startup...
2025-07-20 00:14:47,792 - INFO - run_step - 93 - orchestrator: Executing step: character/check_character_limit by calling character.
2025-07-20 00:14:50,332 - ERROR - call_agent - 108 - orchestrator: Error calling agent character with action check_character_limit: 'coroutine' object has no attribute 'json'
2025-07-20 00:14:50,333 - ERROR - run_step - 98 - orchestrator: Error occurred: 'coroutine' object has no attribute 'json'. Ending workflow.
2025-07-20 00:15:09,045 - INFO - run_step - 93 - orchestrator: Executing step: character/check_character_limit by calling character.
2025-07-20 00:15:32,374 - ERROR - call_agent - 108 - orchestrator: Error calling agent character with action check_character_limit: 'coroutine' object has no attribute 'json'
2025-07-20 00:15:32,374 - ERROR - run_step - 98 - orchestrator: Error occurred: 'coroutine' object has no attribute 'json'. Ending workflow.
2025-07-20 00:15:32,499 - INFO - shutdown_event - 25 - api_server: Application shutdown...
2025-07-20 00:15:38,950 - INFO - startup_event - 20 - api_server: Application startup...
2025-07-20 00:15:39,758 - INFO - run_step - 93 - orchestrator: Executing step: character/check_character_limit by calling character.
2025-07-20 00:16:52,945 - ERROR - call_agent - 108 - orchestrator: Error calling agent character with action check_character_limit: 'coroutine' object has no attribute 'json'
2025-07-20 00:16:52,947 - ERROR - run_step - 98 - orchestrator: Error occurred: 'coroutine' object has no attribute 'json'. Ending workflow.
2025-07-20 00:16:53,082 - INFO - shutdown_event - 25 - api_server: Application shutdown...
2025-07-20 00:16:59,530 - INFO - startup_event - 20 - api_server: Application startup...
2025-07-20 00:18:52,118 - INFO - startup_event - 20 - api_server: Application startup...
2025-07-20 00:20:42,090 - INFO - shutdown_event - 25 - api_server: Application shutdown...
2025-07-20 00:20:48,567 - INFO - startup_event - 20 - api_server: Application startup...
2025-07-20 00:21:34,677 - INFO - shutdown_event - 25 - api_server: Application shutdown...
2025-07-20 00:21:40,973 - INFO - startup_event - 20 - api_server: Application startup...
2025-07-20 00:22:14,661 - INFO - shutdown_event - 25 - api_server: Application shutdown...
2025-07-20 00:22:21,088 - INFO - startup_event - 20 - api_server: Application startup...
2025-07-20 00:22:33,005 - INFO - run_step - 93 - orchestrator: Executing step: character/check_character_limit by calling character.
2025-07-20 00:22:45,448 - INFO - shutdown_event - 25 - api_server: Application shutdown...
2025-07-20 00:23:14,062 - INFO - startup_event - 20 - api_server: Application startup...
2025-07-20 00:23:17,611 - INFO - run_step - 93 - orchestrator: Executing step: character/check_character_limit by calling character.
2025-07-20 00:23:21,727 - INFO - execute_agent - 12 - app: Executing agent: character with action: check_character_limit
2025-07-20 00:24:02,631 - ERROR - execute_agent - 16 - app: Error importing agent: No module named 'character'
2025-07-20 00:24:03,939 - ERROR - call_agent - 108 - orchestrator: Error calling agent character with action check_character_limit: 'dict' object has no attribute 'json'
2025-07-20 00:24:03,940 - ERROR - run_step - 98 - orchestrator: Error occurred: 'dict' object has no attribute 'json'. Ending workflow.
2025-07-20 00:24:07,008 - INFO - shutdown_event - 25 - api_server: Application shutdown...
2025-07-20 00:24:13,345 - INFO - startup_event - 20 - api_server: Application startup...
2025-07-20 00:24:16,591 - INFO - run_step - 93 - orchestrator: Executing step: character/check_character_limit by calling character.
2025-07-20 00:24:19,088 - INFO - execute_agent - 12 - app: Executing agent: character with action: check_character_limit
2025-07-20 00:24:28,919 - ERROR - execute_agent - 16 - app: Error importing agent: No module named 'character'
2025-07-20 08:12:57,226 - INFO - startup_event - 20 - api_server: Application startup...
2025-07-20 08:13:09,192 - INFO - run_step - 93 - orchestrator: Executing step: character/check_character_limit by calling character.
2025-07-20 08:13:13,754 - INFO - execute_agent - 12 - app: Executing agent: character with action: check_character_limit
2025-07-20 08:14:44,014 - ERROR - execute_agent - 16 - app: Error importing agent: No module named 'character'
2025-07-20 08:14:47,218 - ERROR - call_agent - 108 - orchestrator: Error calling agent character with action check_character_limit: 'dict' object has no attribute 'json'
2025-07-20 08:14:47,218 - ERROR - run_step - 98 - orchestrator: Error occurred: 'dict' object has no attribute 'json'. Ending workflow.
2025-07-20 08:14:47,354 - INFO - shutdown_event - 25 - api_server: Application shutdown...
2025-07-20 08:14:53,755 - INFO - startup_event - 20 - api_server: Application startup...
2025-07-20 08:14:59,565 - INFO - run_step - 93 - orchestrator: Executing step: character/check_character_limit by calling character.
2025-07-20 08:14:59,566 - INFO - execute_agent - 12 - app: Executing agent: character with action: check_character_limit
2025-07-20 08:15:10,243 - ERROR - call_agent - 108 - orchestrator: Error calling agent character with action check_character_limit: 'NoneType' object has no attribute 'json'
2025-07-20 08:15:10,244 - ERROR - run_step - 98 - orchestrator: Error occurred: 'NoneType' object has no attribute 'json'. Ending workflow.
2025-07-20 08:53:53,299 - INFO - shutdown_event - 25 - api_server: Application shutdown...
2025-07-20 08:53:59,558 - INFO - startup_event - 20 - api_server: Application startup...
2025-07-20 15:08:38,809 - INFO - startup_event - 20 - api_server: Application startup...
2025-07-20 16:00:04,906 - INFO - shutdown_event - 25 - api_server: Application shutdown...
2025-07-20 16:00:11,176 - INFO - api_server.py - 20 - api_server: Application startup...
2025-07-20 16:24:51,392 - INFO - api_server.py - 20 - api_server: Application startup...
2025-07-20 16:26:00,175 - INFO - api_server.py - 20 - api_server: Application startup...
2025-07-20 16:26:31,426 - INFO - api_server.py - 20 - api_server: Application startup...
2025-07-20 16:29:25,018 - INFO - orchestrator.py - 93 - orchestrator: Executing step: character/check_character_limit by calling character.
2025-07-20 16:29:25,019 - INFO - app.py - 12 - app: Executing agent: character with action: check_character_limit
2025-07-20 16:29:42,040 - ERROR - app.py - 17 - app: Error importing agent: attempted relative import beyond top-level package
2025-07-20 16:30:00,849 - ERROR - orchestrator.py - 108 - orchestrator: Error calling agent character with action check_character_limit: 'dict' object has no attribute 'json'
2025-07-20 16:30:00,850 - ERROR - orchestrator.py - 98 - orchestrator: Error occurred: 'dict' object has no attribute 'json'. Ending workflow.
2025-07-20 16:30:04,140 - INFO - orchestrator.py - 93 - orchestrator: Executing step: character/check_character_limit by calling character.
2025-07-20 16:30:04,140 - INFO - app.py - 12 - app: Executing agent: character with action: check_character_limit
2025-07-20 16:31:10,150 - ERROR - app.py - 17 - app: Error importing agent: attempted relative import beyond top-level package
2025-07-20 16:31:12,176 - ERROR - orchestrator.py - 108 - orchestrator: Error calling agent character with action check_character_limit: 'dict' object has no attribute 'json'
2025-07-20 16:31:12,177 - ERROR - orchestrator.py - 98 - orchestrator: Error occurred: 'dict' object has no attribute 'json'. Ending workflow.
2025-07-20 16:31:27,619 - INFO - api_server.py - 25 - api_server: Application shutdown...
2025-07-20 16:31:34,010 - INFO - api_server.py - 20 - api_server: Application startup...
2025-07-20 16:31:36,684 - INFO - orchestrator.py - 93 - orchestrator: Executing step: character/check_character_limit by calling character.
2025-07-20 16:31:36,685 - INFO - app.py - 12 - app: Executing agent: character with action: check_character_limit
2025-07-20 16:32:38,769 - ERROR - app.py - 17 - app: Error importing agent: attempted relative import beyond top-level package
2025-07-20 16:32:43,187 - ERROR - orchestrator.py - 108 - orchestrator: Error calling agent character with action check_character_limit: 'dict' object has no attribute 'json'
2025-07-20 16:32:43,188 - ERROR - orchestrator.py - 98 - orchestrator: Error occurred: 'dict' object has no attribute 'json'. Ending workflow.
2025-07-20 16:32:43,320 - INFO - api_server.py - 25 - api_server: Application shutdown...
2025-07-20 16:32:49,472 - INFO - api_server.py - 20 - api_server: Application startup...
2025-07-20 16:32:51,599 - INFO - orchestrator.py - 93 - orchestrator: Executing step: character/check_character_limit by calling character.
2025-07-20 16:32:51,600 - INFO - app.py - 12 - app: Executing agent: character with action: check_character_limit
2025-07-20 16:33:36,766 - ERROR - app.py - 17 - app: Error importing agent: attempted relative import beyond top-level package
2025-07-20 16:33:37,115 - ERROR - orchestrator.py - 108 - orchestrator: Error calling agent character with action check_character_limit: 'dict' object has no attribute 'json'
2025-07-20 16:33:37,115 - ERROR - orchestrator.py - 98 - orchestrator: Error occurred: 'dict' object has no attribute 'json'. Ending workflow.
2025-07-20 16:33:37,240 - INFO - api_server.py - 25 - api_server: Application shutdown...
2025-07-20 16:33:47,789 - INFO - api_server.py - 20 - api_server: Application startup...
2025-07-20 16:33:53,512 - INFO - orchestrator.py - 93 - orchestrator: Executing step: character/check_character_limit by calling character.
2025-07-20 16:33:53,513 - INFO - app.py - 12 - app: Executing agent: character with action: check_character_limit
2025-07-20 16:33:57,514 - ERROR - app.py - 20 - app: An error occurred: module 'Agents.character' has no attribute 'run'
2025-07-20 16:34:36,009 - ERROR - orchestrator.py - 108 - orchestrator: Error calling agent character with action check_character_limit: 'dict' object has no attribute 'json'
2025-07-20 16:34:36,010 - ERROR - orchestrator.py - 98 - orchestrator: Error occurred: 'dict' object has no attribute 'json'. Ending workflow.
2025-07-20 16:34:36,142 - INFO - api_server.py - 25 - api_server: Application shutdown...
2025-07-20 16:34:42,389 - INFO - api_server.py - 20 - api_server: Application startup...
2025-07-20 16:34:45,919 - INFO - orchestrator.py - 93 - orchestrator: Executing step: character/check_character_limit by calling character.
2025-07-20 16:34:45,920 - INFO - app.py - 12 - app: Executing agent: character with action: check_character_limit
2025-07-20 16:34:45,925 - INFO - character.py - 11 - character: Character Agent: Performing action: check_character_limit with fields: {'server_id': '123e4567-e89b-12d3-a456-426614174111', 'user_id': '123e4567-e89b-12d3-a456-426614174000'}
2025-07-20 16:36:19,359 - ERROR - character.py - 21 - character: An error occurred: check_character_limit() got an unexpected keyword argument 'server_id'
2025-07-20 16:36:20,001 - ERROR - orchestrator.py - 108 - orchestrator: Error calling agent character with action check_character_limit: 'dict' object has no attribute 'json'
2025-07-20 16:36:20,002 - ERROR - orchestrator.py - 98 - orchestrator: Error occurred: 'dict' object has no attribute 'json'. Ending workflow.
2025-07-20 16:36:20,123 - INFO - api_server.py - 25 - api_server: Application shutdown...
2025-07-20 16:36:26,514 - INFO - api_server.py - 20 - api_server: Application startup...
2025-07-20 16:36:28,284 - INFO - orchestrator.py - 93 - orchestrator: Executing step: character/check_character_limit by calling character.
2025-07-20 16:36:28,285 - INFO - app.py - 12 - app: Executing agent: character with action: check_character_limit
2025-07-20 16:36:28,298 - INFO - character.py - 11 - character: Character Agent: Performing action: check_character_limit with fields: {'server_id': '123e4567-e89b-12d3-a456-426614174111', 'user_id': '123e4567-e89b-12d3-a456-426614174000'}
2025-07-20 16:36:41,142 - INFO - character_tools.py - 11 - character_tools: Character Tool: Checking character limit for server: 123e4567-e89b-12d3-a456-426614174111, user: 123e4567-e89b-12d3-a456-426614174000
2025-07-20 16:37:50,067 - ERROR - orchestrator.py - 108 - orchestrator: Error calling agent character with action check_character_limit: 'dict' object has no attribute 'json'
2025-07-20 16:37:50,068 - ERROR - orchestrator.py - 98 - orchestrator: Error occurred: 'dict' object has no attribute 'json'. Ending workflow.
2025-07-20 16:38:11,702 - INFO - api_server.py - 25 - api_server: Application shutdown...
2025-07-20 16:38:18,016 - INFO - api_server.py - 20 - api_server: Application startup...
2025-07-20 16:39:13,499 - INFO - api_server.py - 25 - api_server: Application shutdown...
2025-07-20 16:39:19,797 - INFO - api_server.py - 20 - api_server: Application startup...
2025-07-20 16:39:32,991 - INFO - api_server.py - 25 - api_server: Application shutdown...
2025-07-20 16:39:39,221 - INFO - api_server.py - 20 - api_server: Application startup...
2025-07-20 16:40:07,830 - INFO - api_server.py - 25 - api_server: Application shutdown...
2025-07-20 16:40:14,066 - INFO - api_server.py - 20 - api_server: Application startup...
2025-07-20 16:45:30,895 - INFO - api_server.py - 25 - api_server: Application shutdown...
2025-07-20 16:45:37,229 - INFO - api_server.py - 20 - api_server: Application startup...
2025-07-20 16:45:47,918 - INFO - api_server.py - 25 - api_server: Application shutdown...
2025-07-20 16:45:54,289 - INFO - api_server.py - 20 - api_server: Application startup...
2025-07-20 16:47:11,674 - INFO - api_server.py - 25 - api_server: Application shutdown...
2025-07-20 16:47:17,939 - INFO - api_server.py - 20 - api_server: Application startup...
2025-07-20 16:47:25,550 - INFO - api_server.py - 25 - api_server: Application shutdown...
2025-07-20 16:47:31,948 - INFO - api_server.py - 20 - api_server: Application startup...
2025-07-20 16:47:50,772 - INFO - orchestrator.py - 93 - orchestrator: Executing step: character/check_character_limit by calling character.
2025-07-20 16:47:50,773 - INFO - app.py - 12 - app: Executing agent: character with action: check_character_limit
2025-07-20 16:47:50,778 - INFO - character.py - 11 - character: Character Agent: Performing action: check_character_limit with fields: {'server_id': '123e4567-e89b-12d3-a456-426614174111', 'user_id': '123e4567-e89b-12d3-a456-426614174000'}
2025-07-20 16:47:50,778 - INFO - character_tools.py - 11 - character_tools: Character Tool: Checking character limit for server: 123e4567-e89b-12d3-a456-426614174111, user: 123e4567-e89b-12d3-a456-426614174000
2025-07-20 16:47:50,779 - ERROR - orchestrator.py - 108 - orchestrator: Error calling agent character with action check_character_limit: object dict can't be used in 'await' expression
2025-07-20 16:47:50,779 - ERROR - orchestrator.py - 98 - orchestrator: Error occurred: object dict can't be used in 'await' expression. Ending workflow.
2025-07-20 16:48:13,417 - INFO - orchestrator.py - 93 - orchestrator: Executing step: character/check_character_limit by calling character.
2025-07-20 16:48:24,592 - INFO - app.py - 12 - app: Executing agent: character with action: check_character_limit
2025-07-20 16:48:24,593 - INFO - character.py - 11 - character: Character Agent: Performing action: check_character_limit with fields: {'server_id': '123e4567-e89b-12d3-a456-426614174111', 'user_id': '123e4567-e89b-12d3-a456-426614174000'}
2025-07-20 16:48:24,594 - INFO - character_tools.py - 11 - character_tools: Character Tool: Checking character limit for server: 123e4567-e89b-12d3-a456-426614174111, user: 123e4567-e89b-12d3-a456-426614174000
2025-07-20 16:48:24,594 - ERROR - orchestrator.py - 108 - orchestrator: Error calling agent character with action check_character_limit: object dict can't be used in 'await' expression
2025-07-20 16:48:46,439 - ERROR - orchestrator.py - 98 - orchestrator: Error occurred: object dict can't be used in 'await' expression. Ending workflow.
2025-07-20 16:48:49,103 - INFO - orchestrator.py - 93 - orchestrator: Executing step: character/check_character_limit by calling character.
2025-07-20 16:49:12,675 - INFO - app.py - 12 - app: Executing agent: character with action: check_character_limit
2025-07-20 16:49:26,152 - INFO - character.py - 11 - character: Character Agent: Performing action: check_character_limit with fields: {'server_id': '123e4567-e89b-12d3-a456-426614174111', 'user_id': '123e4567-e89b-12d3-a456-426614174000'}
2025-07-20 16:49:31,053 - INFO - character_tools.py - 11 - character_tools: Character Tool: Checking character limit for server: 123e4567-e89b-12d3-a456-426614174111, user: 123e4567-e89b-12d3-a456-426614174000
2025-07-20 16:49:36,091 - ERROR - orchestrator.py - 108 - orchestrator: Error calling agent character with action check_character_limit: object dict can't be used in 'await' expression
2025-07-20 16:49:40,131 - ERROR - orchestrator.py - 98 - orchestrator: Error occurred: object dict can't be used in 'await' expression. Ending workflow.
2025-07-20 16:49:47,654 - INFO - orchestrator.py - 93 - orchestrator: Executing step: character/check_character_limit by calling character.
2025-07-20 16:49:47,655 - INFO - app.py - 12 - app: Executing agent: character with action: check_character_limit
2025-07-20 16:49:47,655 - INFO - character.py - 11 - character: Character Agent: Performing action: check_character_limit with fields: {'server_id': '123e4567-e89b-12d3-a456-426614174111', 'user_id': '123e4567-e89b-12d3-a456-426614174000'}
2025-07-20 16:49:50,982 - INFO - character_tools.py - 11 - character_tools: Character Tool: Checking character limit for server: 123e4567-e89b-12d3-a456-426614174111, user: 123e4567-e89b-12d3-a456-426614174000
2025-07-20 16:49:50,982 - ERROR - orchestrator.py - 108 - orchestrator: Error calling agent character with action check_character_limit: object dict can't be used in 'await' expression
2025-07-20 16:49:50,983 - ERROR - orchestrator.py - 98 - orchestrator: Error occurred: object dict can't be used in 'await' expression. Ending workflow.
2025-07-20 16:49:54,224 - INFO - api_server.py - 25 - api_server: Application shutdown...
2025-07-20 16:50:00,483 - INFO - api_server.py - 20 - api_server: Application startup...
2025-07-20 16:50:00,531 - INFO - api_server.py - 25 - api_server: Application shutdown...
2025-07-20 16:50:17,868 - INFO - api_server.py - 20 - api_server: Application startup...
2025-07-20 16:50:23,111 - INFO - orchestrator.py - 93 - orchestrator: Executing step: character/check_character_limit by calling character.
2025-07-20 16:50:23,111 - INFO - app.py - 12 - app: Executing agent: character with action: check_character_limit
2025-07-20 16:50:23,117 - INFO - character.py - 11 - character: Character Agent: Performing action: check_character_limit with fields: {'server_id': '123e4567-e89b-12d3-a456-426614174111', 'user_id': '123e4567-e89b-12d3-a456-426614174000'}
2025-07-20 16:50:34,834 - INFO - character_tools.py - 11 - character_tools: Character Tool: Checking character limit for server: 123e4567-e89b-12d3-a456-426614174111, user: 123e4567-e89b-12d3-a456-426614174000
2025-07-20 16:50:45,722 - ERROR - character.py - 21 - character: An error occurred: object dict can't be used in 'await' expression
2025-07-20 16:50:53,306 - ERROR - orchestrator.py - 108 - orchestrator: Error calling agent character with action check_character_limit: 'dict' object has no attribute 'json'
2025-07-20 16:50:53,307 - ERROR - orchestrator.py - 98 - orchestrator: Error occurred: 'dict' object has no attribute 'json'. Ending workflow.
2025-07-20 16:50:53,424 - INFO - api_server.py - 25 - api_server: Application shutdown...
2025-07-20 16:50:59,757 - INFO - api_server.py - 20 - api_server: Application startup...
2025-07-20 16:51:05,251 - INFO - orchestrator.py - 93 - orchestrator: Executing step: character/check_character_limit by calling character.
2025-07-20 16:51:05,252 - INFO - app.py - 12 - app: Executing agent: character with action: check_character_limit
2025-07-20 16:51:05,267 - INFO - character.py - 11 - character: Character Agent: Performing action: check_character_limit with fields: {'server_id': '123e4567-e89b-12d3-a456-426614174111', 'user_id': '123e4567-e89b-12d3-a456-426614174000'}
2025-07-20 16:51:10,047 - INFO - character_tools.py - 11 - character_tools: Character Tool: Checking character limit for server: 123e4567-e89b-12d3-a456-426614174111, user: 123e4567-e89b-12d3-a456-426614174000
2025-07-20 16:51:46,496 - ERROR - orchestrator.py - 108 - orchestrator: Error calling agent character with action check_character_limit: 'dict' object has no attribute 'json'
2025-07-20 16:52:20,026 - ERROR - orchestrator.py - 98 - orchestrator: Error occurred: 'dict' object has no attribute 'json'. Ending workflow.
2025-07-20 16:52:20,134 - INFO - api_server.py - 25 - api_server: Application shutdown...
2025-07-20 16:52:36,067 - INFO - api_server.py - 20 - api_server: Application startup...
2025-07-20 16:52:42,910 - INFO - orchestrator.py - 93 - orchestrator: Executing step: character/check_character_limit by calling character.
2025-07-20 16:52:42,910 - INFO - app.py - 12 - app: Executing agent: character with action: check_character_limit
2025-07-20 16:52:42,914 - INFO - character.py - 11 - character: Character Agent: Performing action: check_character_limit with fields: {'server_id': '123e4567-e89b-12d3-a456-426614174111', 'user_id': '123e4567-e89b-12d3-a456-426614174000'}
2025-07-20 16:52:47,464 - INFO - character_tools.py - 11 - character_tools: Character Tool: Checking character limit for server: 123e4567-e89b-12d3-a456-426614174111, user: 123e4567-e89b-12d3-a456-426614174000
2025-07-20 16:53:38,579 - INFO - orchestrator.py - 93 - orchestrator: Executing step: character/get_active_character by calling character.
2025-07-20 16:53:39,065 - INFO - app.py - 12 - app: Executing agent: character with action: get_active_character
2025-07-20 16:53:39,066 - INFO - character.py - 11 - character: Character Agent: Performing action: get_active_character with fields: {'user_id': '123e4567-e89b-12d3-a456-426614174000', 'server_id': '123e4567-e89b-12d3-a456-426614174111'}
2025-07-20 16:53:39,067 - ERROR - character.py - 18 - character: Tool function not found for action: get_active_character
2025-07-20 16:53:56,821 - ERROR - orchestrator.py - 98 - orchestrator: Error occurred: Tool function not found for action: get_active_character. Ending workflow.
2025-07-20 16:55:11,793 - INFO - api_server.py - 25 - api_server: Application shutdown...
2025-07-20 16:55:18,005 - INFO - api_server.py - 20 - api_server: Application startup...
2025-07-20 17:00:35,986 - INFO - orchestrator.py - 93 - orchestrator: Executing step: character/check_character_limit by calling character.
2025-07-20 17:00:35,987 - INFO - app.py - 12 - app: Executing agent: character with action: check_character_limit
2025-07-20 17:00:36,000 - INFO - character.py - 11 - character: Character Agent: Performing action: check_character_limit with fields: {'server_id': '123e4567-e89b-12d3-a456-426614174111', 'user_id': '123e4567-e89b-12d3-a456-426614174000'}
2025-07-20 17:00:36,001 - INFO - character_tools.py - 11 - character_tools: Character Tool: Checking character limit for server: 123e4567-e89b-12d3-a456-426614174111, user: 123e4567-e89b-12d3-a456-426614174000
2025-07-20 17:00:37,525 - INFO - orchestrator.py - 93 - orchestrator: Executing step: character/get_active_character by calling character.
2025-07-20 17:00:37,526 - INFO - app.py - 12 - app: Executing agent: character with action: get_active_character
2025-07-20 17:00:37,526 - INFO - character.py - 11 - character: Character Agent: Performing action: get_active_character with fields: {'user_id': '123e4567-e89b-12d3-a456-426614174000', 'server_id': '123e4567-e89b-12d3-a456-426614174111'}
2025-07-20 17:00:37,527 - INFO - character_tools.py - 18 - character_tools: Character Tool: Getting active character for server: 123e4567-e89b-12d3-a456-426614174111, user: 123e4567-e89b-12d3-a456-426614174000
2025-07-20 17:00:40,613 - INFO - orchestrator.py - 93 - orchestrator: Executing step: character/create_character by calling character.
2025-07-20 17:00:40,613 - INFO - app.py - 12 - app: Executing agent: character with action: create_character
2025-07-20 17:00:40,614 - INFO - character.py - 11 - character: Character Agent: Performing action: create_character with fields: {'server_id': '123e4567-e89b-12d3-a456-426614174111', 'user_id': '123e4567-e89b-12d3-a456-426614174000', 'characters_name': 'leeroy', 'characters_class': 'warrior'}
2025-07-20 17:00:40,614 - ERROR - character.py - 21 - character: An error occurred: create_character() got an unexpected keyword argument 'server_id'
2025-07-20 17:00:41,169 - ERROR - orchestrator.py - 98 - orchestrator: Error occurred: An error occurred: create_character() got an unexpected keyword argument 'server_id'. Ending workflow.
2025-07-20 17:00:43,582 - INFO - api_server.py - 25 - api_server: Application shutdown...
2025-07-20 17:00:49,912 - INFO - api_server.py - 20 - api_server: Application startup...
2025-07-20 17:00:55,773 - INFO - api_server.py - 25 - api_server: Application shutdown...
